2025-10-16 16:17:32,902 [INFO] 🚀 Запуск тестового парсера BandLink для Mac
2025-10-16 16:17:32,902 [INFO] 🎯 Цель: Протестировать парсинг артиста 'Sour Diesel'
2025-10-16 16:17:32,902 [INFO] ================================================================================
2025-10-16 16:17:32,902 [INFO] 🧪 ТЕСТ BANDLINK PARSER - SOUR DIESEL
2025-10-16 16:17:32,902 [INFO] ================================================================================
2025-10-16 16:17:32,902 [INFO] ⏰ Время начала: 2025-10-16 16:17:32
2025-10-16 16:17:32,902 [INFO] 🔧 Инициализация Bright Data Web Unlocker (PROXY режим)...
2025-10-16 16:17:32,902 [INFO] 🌐 Proxy: brd.superproxy.io:33335
2025-10-16 16:17:32,902 [INFO] 👤 Username: brd-customer-hl_94d02fd9-zone-web_unlocker1...
2025-10-16 16:17:32,902 [INFO] 🔐 Password: ************
2025-10-16 16:17:32,902 [INFO] ============================================================
2025-10-16 16:17:32,902 [INFO] 🔍 Тестируем артиста: Sour Diesel
2025-10-16 16:17:32,902 [INFO] ============================================================
2025-10-16 16:17:32,902 [INFO] 🌐 URL поиска: https://band.link/scanner?search=Sour+Diesel
2025-10-16 16:17:32,903 [INFO] 📝 Логика: band.link/scanner?search=Sour+Diesel
2025-10-16 16:17:32,903 [INFO] 🔄 Замена пробелов: 'Sour Diesel' → 'Sour+Diesel'
2025-10-16 16:17:32,903 [INFO] 🚀 Отправляем запрос через Web Unlocker...
2025-10-16 16:17:32,903 [INFO] 📤 Запрос #1 через Web Unlocker PROXY
2025-10-16 16:17:32,903 [INFO]    URL: https://band.link/scanner?search=Sour+Diesel
2025-10-16 16:17:32,903 [INFO]    Proxy: brd.superproxy.io:33335
2025-10-16 16:17:32,903 [INFO]    Country: us
2025-10-16 16:17:32,903 [INFO]    Username with country: brd-customer-hl_94d02fd9-zone-web_unlocker1...
2025-10-16 16:17:36,719 [INFO] 📊 Статус ответа: 200
2025-10-16 16:17:36,722 [INFO] 📊 Размер ответа: 521020 символов
2025-10-16 16:17:36,724 [INFO] ✅ Успешно! Получено HTML: 521020 символов
2025-10-16 16:17:36,724 [INFO] 🔍 Заголовки ответа:
2025-10-16 16:17:36,728 [INFO] ✅ Страница получена: 521020 символов
2025-10-16 16:17:36,728 [INFO] 🔍 Анализ полученного HTML:
2025-10-16 16:17:36,728 [INFO]   - Размер HTML: 521020 символов
2025-10-16 16:17:36,734 [INFO]   - Содержит 'playlist': True
2025-10-16 16:17:36,739 [INFO]   - Содержит 'track': True
2025-10-16 16:17:36,743 [INFO]   - Содержит 'artist': True
2025-10-16 16:17:36,748 [INFO]   - Содержит 'captcha': True
2025-10-16 16:17:36,752 [INFO]   - Содержит 'sour diesel': True
2025-10-16 16:17:36,757 [WARNING] ⚠️ В HTML все еще присутствует капча!
2025-10-16 16:17:36,757 [WARNING] Это может означать, что Web Unlocker API не смог решить капчу
2025-10-16 16:17:36,757 [WARNING] Проверьте логи Bright Data на наличие ошибок
2025-10-16 16:17:36,758 [ERROR] ❌ Тест завершен с ошибками!
