2026-01-15 09:59:58,567 - INFO - 🚀 Запуск улучшенного парсера Zvonko...
2026-01-15 09:59:58,567 - INFO - 🔧 Настройка Chrome WebDriver...
2026-01-15 09:59:58,567 - INFO - 🚀 Запуск Chrome WebDriver...
2026-01-15 09:59:59,460 - INFO - ✅ Chrome WebDriver успешно запущен
2026-01-15 09:59:59,460 - INFO - 🔐 Начало процесса авторизации на Zvonko...
2026-01-15 09:59:59,460 - INFO - 📍 Переход на страницу авторизации: https://account.zvonkodigital.com
2026-01-15 10:00:01,389 - INFO - ✅ Найдено поле логина по name='username'
2026-01-15 10:00:01,393 - INFO - ✅ Найдено поле пароля по name='password'
2026-01-15 10:00:01,393 - INFO - ⌨️ Ввод данных авторизации...
2026-01-15 10:00:01,506 - INFO - ✅ Найдена кнопка входа (input submit)
2026-01-15 10:00:07,556 - INFO - 📍 Переход на страницу релизов...
2026-01-15 10:00:12,976 - INFO - ✅ Авторизация успешно завершена
2026-01-15 10:00:12,976 - INFO - 🔍 Начало парсинга релизов...
2026-01-15 10:00:12,976 - INFO - ⏳ Ожидание загрузки контента...
2026-01-15 10:00:17,978 - INFO - 📜 Прокрутка страницы...
2026-01-15 10:00:23,001 - INFO - 🔍 Поиск контейнеров релизов...
2026-01-15 10:00:23,013 - INFO - 🔍 Селектор 'div.css-1xgpa60': найдено 20 элементов
2026-01-15 10:00:23,013 - INFO - 📊 Всего найдено релизов: 20
2026-01-15 10:00:23,013 - INFO - 
🔍 Парсинг релиза #1...
2026-01-15 10:00:23,022 - INFO - 🔍 Извлечение данных из релиза #1...
2026-01-15 10:00:23,035 - INFO - 📝 Текст релиза: GOLD TIME
ripznxx
UPC
5063833652308
Название лейбла
ROSSEL 66
Дата создания
2025-12-24
Дата релиза
2025-12-26
Дата старта
2025-12-26
Территории
Все страны
Площадки
50
Жанр
Hip Hop/Rap
Трек-лист...
2026-01-15 10:00:23,049 - INFO - ✅ title: GOLD TIME
2026-01-15 10:00:23,052 - INFO - ✅ artist: ripznxx
2026-01-15 10:00:23,059 - INFO - ✅ cover: https://media.zvonkodigital.ru/api/cover/100/34919747/
2026-01-15 10:00:23,078 - INFO - ✅ upc: 5063833652308
2026-01-15 10:00:23,083 - INFO - ✅ label: ROSSEL 66
2026-01-15 10:00:23,089 - INFO - ✅ date: 2025-12-24
2026-01-15 10:00:23,104 - INFO - ✅ territories: Все страны
2026-01-15 10:00:23,109 - INFO - ✅ platforms: 50
2026-01-15 10:00:23,120 - INFO - 📄 Данные релиза #1 сохранены в zvonko_release_1_data.json
2026-01-15 10:00:23,120 - INFO - 📊 Найдено полей: ['title', 'artist', 'cover', 'upc', 'label', 'date', 'territories', 'platforms']
2026-01-15 10:00:23,120 - INFO - ✅ Данные релиза #1 успешно извлечены
2026-01-15 10:00:23,120 - INFO - 
🔍 Парсинг релиза #2...
2026-01-15 10:00:23,122 - INFO - 🔍 Извлечение данных из релиза #2...
2026-01-15 10:00:23,129 - INFO - 📝 Текст релиза: BANDO
stemstyl
UPC
5063833637664
Название лейбла
ROSSEL 66
Дата создания
2025-12-22
Дата релиза
2025-12-26
Дата старта
2025-12-26
Территории
Все страны
Площадки
50
Жанр
Hip Hop/Rap
Трек-лист...
2026-01-15 10:00:23,137 - INFO - ✅ title: BANDO
2026-01-15 10:00:23,140 - INFO - ✅ artist: stemstyl
2026-01-15 10:00:23,145 - INFO - ✅ cover: https://media.zvonkodigital.ru/api/cover/100/34872955/
2026-01-15 10:00:23,159 - INFO - ✅ upc: 5063833637664
2026-01-15 10:00:23,164 - INFO - ✅ label: ROSSEL 66
2026-01-15 10:00:23,169 - INFO - ✅ date: 2025-12-22
2026-01-15 10:00:23,185 - INFO - ✅ territories: Все страны
2026-01-15 10:00:23,190 - INFO - ✅ platforms: 50
2026-01-15 10:00:23,200 - INFO - 📄 Данные релиза #2 сохранены в zvonko_release_2_data.json
2026-01-15 10:00:23,200 - INFO - 📊 Найдено полей: ['title', 'artist', 'cover', 'upc', 'label', 'date', 'territories', 'platforms']
2026-01-15 10:00:23,200 - INFO - ✅ Данные релиза #2 успешно извлечены
2026-01-15 10:00:23,200 - INFO - 
🔍 Парсинг релиза #3...
2026-01-15 10:00:23,203 - INFO - 🔍 Извлечение данных из релиза #3...
2026-01-15 10:00:23,210 - INFO - 📝 Текст релиза: Как тебе идея?
rompy
UPC
5063833637657
Название лейбла
ROSSEL 66
Дата создания
2025-12-22
Дата релиза
2025-12-22
Дата старта
2025-12-22
Территории
Все страны
Площадки
3
Жанр
Hip Hop/Rap
Трек-лист...
2026-01-15 10:00:23,218 - INFO - ✅ title: Как тебе идея?
2026-01-15 10:00:23,221 - INFO - ✅ artist: rompy
2026-01-15 10:00:23,226 - INFO - ✅ cover: https://media.zvonkodigital.ru/api/cover/100/34872654/
2026-01-15 10:00:23,239 - INFO - ✅ upc: 5063833637657
2026-01-15 10:00:23,245 - INFO - ✅ label: ROSSEL 66
2026-01-15 10:00:23,250 - INFO - ✅ date: 2025-12-22
2026-01-15 10:00:23,265 - INFO - ✅ territories: Все страны
2026-01-15 10:00:23,281 - INFO - 📄 Данные релиза #3 сохранены в zvonko_release_3_data.json
2026-01-15 10:00:23,281 - INFO - 📊 Найдено полей: ['title', 'artist', 'cover', 'upc', 'label', 'date', 'territories']
2026-01-15 10:00:23,281 - INFO - ✅ Данные релиза #3 успешно извлечены
2026-01-15 10:00:23,281 - INFO - 
🔍 Парсинг релиза #4...
2026-01-15 10:00:23,283 - INFO - 🔍 Извлечение данных из релиза #4...
2026-01-15 10:00:23,290 - INFO - 📝 Текст релиза: Стало холодно
Nnaia
UPC
3618024172688
Название лейбла
ROSSEL 66
Дата создания
2025-12-12
Дата релиза
2025-12-12
Дата старта
2025-12-12
Территории
Все страны
Площадки
3
Жанр
Pop
Трек-лист...
2026-01-15 10:00:23,297 - INFO - ✅ title: Стало холодно
2026-01-15 10:00:23,300 - INFO - ✅ artist: Nnaia
2026-01-15 10:00:23,305 - INFO - ✅ cover: https://media.zvonkodigital.ru/api/cover/100/34687934/
2026-01-15 10:00:23,319 - INFO - ✅ upc: 3618024172688
2026-01-15 10:00:23,324 - INFO - ✅ label: ROSSEL 66
2026-01-15 10:00:23,329 - INFO - ✅ date: 2025-12-12
2026-01-15 10:00:23,344 - INFO - ✅ territories: Все страны
2026-01-15 10:00:23,355 - INFO - ✅ genre: Pop
2026-01-15 10:00:23,360 - INFO - 📄 Данные релиза #4 сохранены в zvonko_release_4_data.json
2026-01-15 10:00:23,360 - INFO - 📊 Найдено полей: ['title', 'artist', 'cover', 'upc', 'label', 'date', 'territories', 'genre']
2026-01-15 10:00:23,360 - INFO - ✅ Данные релиза #4 успешно извлечены
2026-01-15 10:00:23,360 - INFO - 
🔍 Парсинг релиза #5...
2026-01-15 10:00:23,362 - INFO - 🔍 Извлечение данных из релиза #5...
2026-01-15 10:00:23,369 - INFO - 📝 Текст релиза: War
Matcukito Kioto
UPC
3617394329067
Название лейбла
ROSSEL 66
Дата создания
2025-12-03
Дата релиза
2025-05-02
Дата старта
2025-05-02
Территории
Все страны
Площадки
50
Жанр
Phonk/Fonk
Трек-лист...
2026-01-15 10:00:23,377 - INFO - ✅ title: War
2026-01-15 10:00:23,380 - INFO - ✅ artist: Matcukito Kioto
2026-01-15 10:00:23,384 - INFO - ✅ cover: https://media.zvonkodigital.ru/api/cover/100/34491548/
2026-01-15 10:00:23,398 - INFO - ✅ upc: 3617394329067
2026-01-15 10:00:23,403 - INFO - ✅ label: ROSSEL 66
2026-01-15 10:00:23,408 - INFO - ✅ date: 2025-12-03
2026-01-15 10:00:23,424 - INFO - ✅ territories: Все страны
2026-01-15 10:00:23,429 - INFO - ✅ platforms: 50
2026-01-15 10:00:23,439 - INFO - 📄 Данные релиза #5 сохранены в zvonko_release_5_data.json
2026-01-15 10:00:23,440 - INFO - 📊 Найдено полей: ['title', 'artist', 'cover', 'upc', 'label', 'date', 'territories', 'platforms']
2026-01-15 10:00:23,440 - INFO - ✅ Данные релиза #5 успешно извлечены
2026-01-15 10:00:23,440 - INFO - 
🔍 Парсинг релиза #6...
2026-01-15 10:00:23,442 - INFO - 🔍 Извлечение данных из релиза #6...
2026-01-15 10:00:23,449 - INFO - 📝 Текст релиза: BORN TO SWAGGIN
Roudie J.
UPC
3617391852056
Название лейбла
ROSSEL 66
Дата создания
2025-12-03
Дата релиза
2025-03-28
Дата старта
2025-03-28
Территории
Все страны
Площадки
50
Жанр
Phonk/Fonk
Трек-лист...
2026-01-15 10:00:23,456 - INFO - ✅ title: BORN TO SWAGGIN
2026-01-15 10:00:23,459 - INFO - ✅ artist: Roudie J.
2026-01-15 10:00:23,464 - INFO - ✅ cover: https://media.zvonkodigital.ru/api/cover/100/34490264/
2026-01-15 10:00:23,478 - INFO - ✅ upc: 3617391852056
2026-01-15 10:00:23,487 - INFO - ✅ label: ROSSEL 66
2026-01-15 10:00:23,494 - INFO - ✅ date: 2025-12-03
2026-01-15 10:00:23,510 - INFO - ✅ territories: Все страны
2026-01-15 10:00:23,515 - INFO - ✅ platforms: 50
2026-01-15 10:00:23,528 - INFO - 📄 Данные релиза #6 сохранены в zvonko_release_6_data.json
2026-01-15 10:00:23,528 - INFO - 📊 Найдено полей: ['title', 'artist', 'cover', 'upc', 'label', 'date', 'territories', 'platforms']
2026-01-15 10:00:23,528 - INFO - ✅ Данные релиза #6 успешно извлечены
2026-01-15 10:00:23,528 - INFO - 
🔍 Парсинг релиза #7...
2026-01-15 10:00:23,531 - INFO - 🔍 Извлечение данных из релиза #7...
2026-01-15 10:00:23,537 - INFO - 📝 Текст релиза: I WILL BECOME YOU
Roudie J.
UPC
3617391538165
Название лейбла
ROSSEL 66
Дата создания
2025-12-03
Дата релиза
2025-03-21
Дата старта
2025-03-21
Территории
Все страны
Площадки
50
Жанр
Phonk/Fonk
Трек-ли...
2026-01-15 10:00:23,545 - INFO - ✅ title: I WILL BECOME YOU
2026-01-15 10:00:23,547 - INFO - ✅ artist: Roudie J.
2026-01-15 10:00:23,552 - INFO - ✅ cover: https://media.zvonkodigital.ru/api/cover/100/34490214/
2026-01-15 10:00:23,565 - INFO - ✅ upc: 3617391538165
2026-01-15 10:00:23,571 - INFO - ✅ label: ROSSEL 66
2026-01-15 10:00:23,576 - INFO - ✅ date: 2025-12-03
2026-01-15 10:00:23,592 - INFO - ✅ territories: Все страны
2026-01-15 10:00:23,597 - INFO - ✅ platforms: 50
2026-01-15 10:00:23,608 - INFO - 📄 Данные релиза #7 сохранены в zvonko_release_7_data.json
2026-01-15 10:00:23,608 - INFO - 📊 Найдено полей: ['title', 'artist', 'cover', 'upc', 'label', 'date', 'territories', 'platforms']
2026-01-15 10:00:23,608 - INFO - ✅ Данные релиза #7 успешно извлечены
2026-01-15 10:00:23,608 - INFO - 
🔍 Парсинг релиза #8...
2026-01-15 10:00:23,610 - INFO - 🔍 Извлечение данных из релиза #8...
2026-01-15 10:00:23,616 - INFO - 📝 Текст релиза: Электро 2.0
Nnaia
UPC
3617391402879
Название лейбла
ROSSEL 66
Дата создания
2025-12-03
Дата релиза
2025-03-14
Дата старта
2025-03-14
Территории
Все страны
Площадки
50
Жанр
R&B/Soul
Трек-лист...
2026-01-15 10:00:23,625 - INFO - ✅ title: Электро 2.0
2026-01-15 10:00:23,627 - INFO - ✅ artist: Nnaia
2026-01-15 10:00:23,632 - INFO - ✅ cover: https://media.zvonkodigital.ru/api/cover/100/34490205/
2026-01-15 10:00:23,646 - INFO - ✅ upc: 3617391402879
2026-01-15 10:00:23,651 - INFO - ✅ label: ROSSEL 66
2026-01-15 10:00:23,656 - INFO - ✅ date: 2025-12-03
2026-01-15 10:00:23,672 - INFO - ✅ territories: Все страны
2026-01-15 10:00:23,677 - INFO - ✅ platforms: 50
2026-01-15 10:00:23,687 - INFO - 📄 Данные релиза #8 сохранены в zvonko_release_8_data.json
2026-01-15 10:00:23,687 - INFO - 📊 Найдено полей: ['title', 'artist', 'cover', 'upc', 'label', 'date', 'territories', 'platforms']
2026-01-15 10:00:23,687 - INFO - ✅ Данные релиза #8 успешно извлечены
2026-01-15 10:00:23,687 - INFO - 
🔍 Парсинг релиза #9...
2026-01-15 10:00:23,689 - INFO - 🔍 Извлечение данных из релиза #9...
2026-01-15 10:00:23,696 - INFO - 📝 Текст релиза: Глубина
W.1ce3
UPC
5063833528245
Название лейбла
ROSSEL 66
Дата создания
2025-12-02
Дата релиза
2025-12-12
Дата старта
2025-12-12
Территории
Все страны
Площадки
50
Жанр
Pop
Трек-лист...
2026-01-15 10:00:23,703 - INFO - ✅ title: Глубина
2026-01-15 10:00:23,706 - INFO - ✅ artist: W.1ce3
2026-01-15 10:00:23,711 - INFO - ✅ cover: https://media.zvonkodigital.ru/api/cover/100/34458657/
2026-01-15 10:00:23,724 - INFO - ✅ upc: 5063833528245
2026-01-15 10:00:23,730 - INFO - ✅ label: ROSSEL 66
2026-01-15 10:00:23,735 - INFO - ✅ date: 2025-12-02
2026-01-15 10:00:23,751 - INFO - ✅ territories: Все страны
2026-01-15 10:00:23,757 - INFO - ✅ platforms: 50
2026-01-15 10:00:23,762 - INFO - ✅ genre: Pop
2026-01-15 10:00:23,768 - INFO - 📄 Данные релиза #9 сохранены в zvonko_release_9_data.json
2026-01-15 10:00:23,768 - INFO - 📊 Найдено полей: ['title', 'artist', 'cover', 'upc', 'label', 'date', 'territories', 'platforms', 'genre']
2026-01-15 10:00:23,768 - INFO - ✅ Данные релиза #9 успешно извлечены
2026-01-15 10:00:23,768 - INFO - 
🔍 Парсинг релиза #10...
2026-01-15 10:00:23,770 - INFO - 🔍 Извлечение данных из релиза #10...
2026-01-15 10:00:23,776 - INFO - 📝 Текст релиза: HATRED
MEELBRN, BITSA MANIAC
UPC
5063833470926
Название лейбла
ROSSEL 66
Дата создания
2025-11-20
Дата релиза
2025-11-28
Дата старта
2025-11-28
Территории
Все страны
Площадки
50
Жанр
Hip Hop/Rap
Трек-...
2026-01-15 10:00:23,784 - INFO - ✅ title: HATRED
2026-01-15 10:00:23,787 - INFO - ✅ artist: MEELBRN, BITSA MANIAC
2026-01-15 10:00:23,791 - INFO - ✅ cover: https://media.zvonkodigital.ru/api/cover/100/34196547/
2026-01-15 10:00:23,805 - INFO - ✅ upc: 5063833470926
2026-01-15 10:00:23,810 - INFO - ✅ label: ROSSEL 66
2026-01-15 10:00:23,815 - INFO - ✅ date: 2025-11-20
2026-01-15 10:00:23,830 - INFO - ✅ territories: Все страны
2026-01-15 10:00:23,835 - INFO - ✅ platforms: 50
2026-01-15 10:00:23,846 - INFO - 📄 Данные релиза #10 сохранены в zvonko_release_10_data.json
2026-01-15 10:00:23,846 - INFO - 📊 Найдено полей: ['title', 'artist', 'cover', 'upc', 'label', 'date', 'territories', 'platforms']
2026-01-15 10:00:23,846 - INFO - ✅ Данные релиза #10 успешно извлечены
2026-01-15 10:00:23,846 - INFO - 
🔍 Парсинг релиза #11...
2026-01-15 10:00:23,849 - INFO - 🔍 Извлечение данных из релиза #11...
2026-01-15 10:00:23,855 - INFO - 📝 Текст релиза: Fxk New Yer
TXYK
UPC
5016122283356
Название лейбла
ROSSEL 66
Дата создания
2025-11-12
Дата релиза
2025-01-10
Дата старта
2025-01-10
Территории
Все страны
Площадки
50
Жанр
Phonk/Fonk
Трек-лист...
2026-01-15 10:00:23,864 - INFO - ✅ title: Fxk New Yer
2026-01-15 10:00:23,866 - INFO - ✅ artist: TXYK
2026-01-15 10:00:23,871 - INFO - ✅ cover: https://media.zvonkodigital.ru/api/cover/100/34001859/
2026-01-15 10:00:23,885 - INFO - ✅ upc: 5016122283356
2026-01-15 10:00:23,890 - INFO - ✅ label: ROSSEL 66
2026-01-15 10:00:23,895 - INFO - ✅ date: 2025-11-12
2026-01-15 10:00:23,911 - INFO - ✅ territories: Все страны
2026-01-15 10:00:23,916 - INFO - ✅ platforms: 50
2026-01-15 10:00:23,928 - INFO - 📄 Данные релиза #11 сохранены в zvonko_release_11_data.json
2026-01-15 10:00:23,929 - INFO - 📊 Найдено полей: ['title', 'artist', 'cover', 'upc', 'label', 'date', 'territories', 'platforms']
2026-01-15 10:00:23,929 - INFO - ✅ Данные релиза #11 успешно извлечены
2026-01-15 10:00:23,929 - INFO - 
🔍 Парсинг релиза #12...
2026-01-15 10:00:23,934 - INFO - 🔍 Извлечение данных из релиза #12...
2026-01-15 10:00:23,941 - INFO - 📝 Текст релиза: Fame T Tells
nime
UPC
5063833423991
Название лейбла
ROSSEL 66
Дата создания
2025-11-11
Дата релиза
2025-11-14
Дата старта
2025-11-14
Территории
Все страны
Площадки
50
Жанр
Hip Hop/Rap
Трек-лист...
2026-01-15 10:00:23,949 - INFO - ✅ title: Fame T Tells
2026-01-15 10:00:23,952 - INFO - ✅ artist: nime
2026-01-15 10:00:23,957 - INFO - ✅ cover: https://media.zvonkodigital.ru/api/cover/100/33992351/
2026-01-15 10:00:23,970 - INFO - ✅ upc: 5063833423991
2026-01-15 10:00:23,976 - INFO - ✅ label: ROSSEL 66
2026-01-15 10:00:23,981 - INFO - ✅ date: 2025-11-11
2026-01-15 10:00:23,997 - INFO - ✅ territories: Все страны
2026-01-15 10:00:24,002 - INFO - ✅ platforms: 50
2026-01-15 10:00:24,013 - INFO - 📄 Данные релиза #12 сохранены в zvonko_release_12_data.json
2026-01-15 10:00:24,013 - INFO - 📊 Найдено полей: ['title', 'artist', 'cover', 'upc', 'label', 'date', 'territories', 'platforms']
2026-01-15 10:00:24,013 - INFO - ✅ Данные релиза #12 успешно извлечены
2026-01-15 10:00:24,013 - INFO - 
🔍 Парсинг релиза #13...
2026-01-15 10:00:24,016 - INFO - 🔍 Извлечение данных из релиза #13...
2026-01-15 10:00:24,022 - INFO - 📝 Текст релиза: реплика
kvvitz, Exp13
UPC
5016122279939
Название лейбла
ROSSEL 66
Дата создания
2025-11-05
Дата релиза
2025-01-03
Дата старта
2025-01-03
Территории
Все страны
Площадки
50
Жанр
Hip Hop/Rap
Трек-лист...
2026-01-15 10:00:24,030 - INFO - ✅ title: реплика
2026-01-15 10:00:24,033 - INFO - ✅ artist: kvvitz, Exp13
2026-01-15 10:00:24,038 - INFO - ✅ cover: https://media.zvonkodigital.ru/api/cover/100/33898665/
2026-01-15 10:00:24,051 - INFO - ✅ upc: 5016122279939
2026-01-15 10:00:24,057 - INFO - ✅ label: ROSSEL 66
2026-01-15 10:00:24,062 - INFO - ✅ date: 2025-11-05
2026-01-15 10:00:24,078 - INFO - ✅ territories: Все страны
2026-01-15 10:00:24,083 - INFO - ✅ platforms: 50
2026-01-15 10:00:24,094 - INFO - 📄 Данные релиза #13 сохранены в zvonko_release_13_data.json
2026-01-15 10:00:24,094 - INFO - 📊 Найдено полей: ['title', 'artist', 'cover', 'upc', 'label', 'date', 'territories', 'platforms']
2026-01-15 10:00:24,094 - INFO - ✅ Данные релиза #13 успешно извлечены
2026-01-15 10:00:24,094 - INFO - 
🔍 Парсинг релиза #14...
2026-01-15 10:00:24,096 - INFO - 🔍 Извлечение данных из релиза #14...
2026-01-15 10:00:24,103 - INFO - 📝 Текст релиза: XX.XX.XX
GPMONTANA
UPC
5016122269817
Название лейбла
ROSSEL 66
Дата создания
2025-11-05
Дата релиза
2024-12-27
Дата старта
2024-12-27
Территории
Все страны
Площадки
50
Жанр
Hip Hop/Rap
Трек-лист...
2026-01-15 10:00:24,111 - INFO - ✅ title: XX.XX.XX
2026-01-15 10:00:24,113 - INFO - ✅ artist: GPMONTANA
2026-01-15 10:00:24,118 - INFO - ✅ cover: https://media.zvonkodigital.ru/api/cover/100/33898628/
2026-01-15 10:00:24,132 - INFO - ✅ upc: 5016122269817
2026-01-15 10:00:24,137 - INFO - ✅ label: ROSSEL 66
2026-01-15 10:00:24,142 - INFO - ✅ date: 2025-11-05
2026-01-15 10:00:24,158 - INFO - ✅ territories: Все страны
2026-01-15 10:00:24,163 - INFO - ✅ platforms: 50
2026-01-15 10:00:24,174 - INFO - 📄 Данные релиза #14 сохранены в zvonko_release_14_data.json
2026-01-15 10:00:24,174 - INFO - 📊 Найдено полей: ['title', 'artist', 'cover', 'upc', 'label', 'date', 'territories', 'platforms']
2026-01-15 10:00:24,174 - INFO - ✅ Данные релиза #14 успешно извлечены
2026-01-15 10:00:24,174 - INFO - 
🔍 Парсинг релиза #15...
2026-01-15 10:00:24,176 - INFO - 🔍 Извлечение данных из релиза #15...
2026-01-15 10:00:24,183 - INFO - 📝 Текст релиза: Взрослая игра
WhyMeowKreet
UPC
5016122263136
Название лейбла
ROSSEL 66
Дата создания
2025-11-05
Дата релиза
2024-12-27
Дата старта
2024-12-27
Территории
Все страны
Площадки
50
Жанр
Hip Hop/Rap
Трек-ли...
2026-01-15 10:00:24,190 - INFO - ✅ title: Взрослая игра
2026-01-15 10:00:24,193 - INFO - ✅ artist: WhyMeowKreet
2026-01-15 10:00:24,198 - INFO - ✅ cover: https://media.zvonkodigital.ru/api/cover/100/33898599/
2026-01-15 10:00:24,211 - INFO - ✅ upc: 5016122263136
2026-01-15 10:00:24,216 - INFO - ✅ label: ROSSEL 66
2026-01-15 10:00:24,222 - INFO - ✅ date: 2025-11-05
2026-01-15 10:00:24,238 - INFO - ✅ territories: Все страны
2026-01-15 10:00:24,243 - INFO - ✅ platforms: 50
2026-01-15 10:00:24,254 - INFO - 📄 Данные релиза #15 сохранены в zvonko_release_15_data.json
2026-01-15 10:00:24,254 - INFO - 📊 Найдено полей: ['title', 'artist', 'cover', 'upc', 'label', 'date', 'territories', 'platforms']
2026-01-15 10:00:24,254 - INFO - ✅ Данные релиза #15 успешно извлечены
2026-01-15 10:00:24,254 - INFO - 
🔍 Парсинг релиза #16...
2026-01-15 10:00:24,257 - INFO - 🔍 Извлечение данных из релиза #16...
2026-01-15 10:00:24,264 - INFO - 📝 Текст релиза: FERVENT KID
stemstyl
UPC
5016122255735
Название лейбла
ROSSEL 66
Дата создания
2025-11-05
Дата релиза
2024-12-13
Дата старта
2024-12-13
Территории
Все страны
Площадки
50
Жанр
Hip Hop/Rap
Трек-лист...
2026-01-15 10:00:24,272 - INFO - ✅ title: FERVENT KID
2026-01-15 10:00:24,275 - INFO - ✅ artist: stemstyl
2026-01-15 10:00:24,279 - INFO - ✅ cover: https://media.zvonkodigital.ru/api/cover/100/33869857/
2026-01-15 10:00:24,294 - INFO - ✅ upc: 5016122255735
2026-01-15 10:00:24,299 - INFO - ✅ label: ROSSEL 66
2026-01-15 10:00:24,305 - INFO - ✅ date: 2025-11-05
2026-01-15 10:00:24,320 - INFO - ✅ territories: Все страны
2026-01-15 10:00:24,326 - INFO - ✅ platforms: 50
2026-01-15 10:00:24,336 - INFO - 📄 Данные релиза #16 сохранены в zvonko_release_16_data.json
2026-01-15 10:00:24,336 - INFO - 📊 Найдено полей: ['title', 'artist', 'cover', 'upc', 'label', 'date', 'territories', 'platforms']
2026-01-15 10:00:24,336 - INFO - ✅ Данные релиза #16 успешно извлечены
2026-01-15 10:00:24,336 - INFO - 
🔍 Парсинг релиза #17...
2026-01-15 10:00:24,339 - INFO - 🔍 Извлечение данных из релиза #17...
2026-01-15 10:00:24,345 - INFO - 📝 Текст релиза: In the Dark
HLWD
UPC
5016122273746
Название лейбла
ROSSEL 66
Дата создания
2025-11-05
Дата релиза
2024-12-27
Дата старта
2024-12-27
Территории
Все страны
Площадки
50
Жанр
Electronic
Трек-лист...
2026-01-15 10:00:24,353 - INFO - ✅ title: In the Dark
2026-01-15 10:00:24,356 - INFO - ✅ artist: HLWD
2026-01-15 10:00:24,361 - INFO - ✅ cover: https://media.zvonkodigital.ru/api/cover/100/33869571/
2026-01-15 10:00:24,375 - INFO - ✅ upc: 5016122273746
2026-01-15 10:00:24,380 - INFO - ✅ label: ROSSEL 66
2026-01-15 10:00:24,387 - INFO - ✅ date: 2025-11-05
2026-01-15 10:00:24,403 - INFO - ✅ territories: Все страны
2026-01-15 10:00:24,408 - INFO - ✅ platforms: 50
2026-01-15 10:00:24,414 - INFO - ✅ genre: Electronic
2026-01-15 10:00:24,419 - INFO - 📄 Данные релиза #17 сохранены в zvonko_release_17_data.json
2026-01-15 10:00:24,419 - INFO - 📊 Найдено полей: ['title', 'artist', 'cover', 'upc', 'label', 'date', 'territories', 'platforms', 'genre']
2026-01-15 10:00:24,419 - INFO - ✅ Данные релиза #17 успешно извлечены
2026-01-15 10:00:24,419 - INFO - 
🔍 Парсинг релиза #18...
2026-01-15 10:00:24,422 - INFO - 🔍 Извлечение данных из релиза #18...
2026-01-15 10:00:24,429 - INFO - 📝 Текст релиза: Dissonance
HLWD
UPC
5016122268360
Название лейбла
ROSSEL 66
Дата создания
2025-11-05
Дата релиза
2024-12-27
Дата старта
2024-12-27
Территории
Все страны
Площадки
50
Жанр
Electronic
Трек-лист...
2026-01-15 10:00:24,437 - INFO - ✅ title: Dissonance
2026-01-15 10:00:24,439 - INFO - ✅ artist: HLWD
2026-01-15 10:00:24,444 - INFO - ✅ cover: https://media.zvonkodigital.ru/api/cover/100/33869529/
2026-01-15 10:00:24,459 - INFO - ✅ upc: 5016122268360
2026-01-15 10:00:24,464 - INFO - ✅ label: ROSSEL 66
2026-01-15 10:00:24,470 - INFO - ✅ date: 2025-11-05
2026-01-15 10:00:24,486 - INFO - ✅ territories: Все страны
2026-01-15 10:00:24,491 - INFO - ✅ platforms: 50
2026-01-15 10:00:24,496 - INFO - ✅ genre: Electronic
2026-01-15 10:00:24,502 - INFO - 📄 Данные релиза #18 сохранены в zvonko_release_18_data.json
2026-01-15 10:00:24,502 - INFO - 📊 Найдено полей: ['title', 'artist', 'cover', 'upc', 'label', 'date', 'territories', 'platforms', 'genre']
2026-01-15 10:00:24,502 - INFO - ✅ Данные релиза #18 успешно извлечены
2026-01-15 10:00:24,502 - INFO - 
🔍 Парсинг релиза #19...
2026-01-15 10:00:24,504 - INFO - 🔍 Извлечение данных из релиза #19...
2026-01-15 10:00:24,511 - INFO - 📝 Текст релиза: LEGASX
TXYK
UPC
5016122263150
Название лейбла
ROSSEL 66
Дата создания
2025-11-01
Дата релиза
2024-12-13
Дата старта
2024-12-13
Территории
Все страны
Площадки
50
Жанр
Phonk/Fonk
Трек-лист...
2026-01-15 10:00:24,519 - INFO - ✅ title: LEGASX
2026-01-15 10:00:24,522 - INFO - ✅ artist: TXYK
2026-01-15 10:00:24,526 - INFO - ✅ cover: https://media.zvonkodigital.ru/api/cover/100/33854060/
2026-01-15 10:00:24,540 - INFO - ✅ upc: 5016122263150
2026-01-15 10:00:24,545 - INFO - ✅ label: ROSSEL 66
2026-01-15 10:00:24,550 - INFO - ✅ date: 2025-11-01
2026-01-15 10:00:24,566 - INFO - ✅ territories: Все страны
2026-01-15 10:00:24,571 - INFO - ✅ platforms: 50
2026-01-15 10:00:24,581 - INFO - 📄 Данные релиза #19 сохранены в zvonko_release_19_data.json
2026-01-15 10:00:24,581 - INFO - 📊 Найдено полей: ['title', 'artist', 'cover', 'upc', 'label', 'date', 'territories', 'platforms']
2026-01-15 10:00:24,581 - INFO - ✅ Данные релиза #19 успешно извлечены
2026-01-15 10:00:24,581 - INFO - 
🔍 Парсинг релиза #20...
2026-01-15 10:00:24,584 - INFO - 🔍 Извлечение данных из релиза #20...
2026-01-15 10:00:24,590 - INFO - 📝 Текст релиза: WWW
stemstyl, Tulapse
UPC
5016122275566
Название лейбла
ROSSEL 66
Дата создания
2025-11-01
Дата релиза
2024-12-27
Дата старта
2024-12-27
Территории
Все страны
Площадки
50
Жанр
Hip Hop/Rap
Трек-лист...
2026-01-15 10:00:24,598 - INFO - ✅ title: WWW
2026-01-15 10:00:24,601 - INFO - ✅ artist: stemstyl, Tulapse
2026-01-15 10:00:24,606 - INFO - ✅ cover: https://media.zvonkodigital.ru/api/cover/100/33852321/
2026-01-15 10:00:24,625 - INFO - ✅ upc: 5016122275566
2026-01-15 10:00:24,630 - INFO - ✅ label: ROSSEL 66
2026-01-15 10:00:24,636 - INFO - ✅ date: 2025-11-01
2026-01-15 10:00:24,652 - INFO - ✅ territories: Все страны
2026-01-15 10:00:24,658 - INFO - ✅ platforms: 50
2026-01-15 10:00:24,668 - INFO - 📄 Данные релиза #20 сохранены в zvonko_release_20_data.json
2026-01-15 10:00:24,668 - INFO - 📊 Найдено полей: ['title', 'artist', 'cover', 'upc', 'label', 'date', 'territories', 'platforms']
2026-01-15 10:00:24,668 - INFO - ✅ Данные релиза #20 успешно извлечены
2026-01-15 10:00:24,668 - INFO - ✅ Парсинг завершен! Обработано 20 релизов
2026-01-15 10:00:24,668 - INFO - 📄 Данные сохранены в zvonko_all_releases_data.json
2026-01-15 10:00:24,668 - INFO - ✅ Парсинг успешно завершен!
2026-01-15 10:00:24,669 - INFO - 
📄 Созданные файлы:
2026-01-15 10:00:24,669 - INFO -   - zvonko_all_releases_data.json
2026-01-15 10:00:24,669 - INFO -   - zvonko_release_*.html (для каждого релиза)
2026-01-15 10:00:24,669 - INFO -   - zvonko_release_*_data.json (для каждого релиза)
2026-01-15 10:00:24,669 - INFO -   - zvonko_improved_parser.log
2026-01-15 10:00:24,749 - INFO - 🔚 WebDriver закрыт
2026-01-15 10:00:24,749 - INFO - 🎉 Парсинг успешно завершен!
