2026-01-14 21:37:17,420 - INFO - 🚀 Запуск анализа Zvonko...
2026-01-14 21:37:17,420 - INFO - 🔧 Настройка Chrome WebDriver...
2026-01-14 21:37:17,420 - INFO - 🚀 Запуск Chrome WebDriver...
2026-01-14 21:37:18,630 - INFO - ✅ Chrome WebDriver успешно запущен
2026-01-14 21:37:18,630 - INFO - 🔐 Начало процесса авторизации на Zvonko...
2026-01-14 21:37:18,630 - INFO - 📍 Переход на страницу авторизации: https://account.zvonkodigital.com
2026-01-14 21:37:21,313 - INFO - ⏳ Ожидание загрузки страницы...
2026-01-14 21:37:22,089 - INFO - ✅ Страница загрузилась
2026-01-14 21:37:22,092 - INFO - 📍 Текущий URL: https://auth.zvonkodigital.ru/login/?next=/o/authorize/%3Fclient_id%3D75mwixlHmTIbzvREyUQt3Sk29lwpQfIw9bU948wJ%26code_challenge%3DaCIzCERSJNteu6YpHbrZMLbemibAjc2pdgg7BUalibc%26code_challenge_method%3DS256%26redirect_uri%3Dhttps%253A%252F%252Faccount.zvonkodigital.com%252Faccount%252Foauth-login%26response_type%3Dcode
2026-01-14 21:37:22,094 - INFO - 📄 Страница входа сохранена в zvonko_login_page.html
2026-01-14 21:37:22,094 - INFO - 🔍 Поиск полей входа...
2026-01-14 21:37:32,140 - INFO - 🔍 Селектор логина #1 'input[name="login"]': найдено 0 элементов
2026-01-14 21:37:32,147 - INFO - 🔍 Селектор логина #2 'input[name="username"]': найдено 1 элементов
2026-01-14 21:37:32,147 - INFO - ✅ Найдено поле логина: input[name="username"]
2026-01-14 21:37:32,152 - INFO - 🔍 Селектор пароля #1 'input[name="password"]': найдено 1 элементов
2026-01-14 21:37:32,152 - INFO - ✅ Найдено поле пароля: input[name="password"]
2026-01-14 21:37:32,152 - INFO - ⌨️ Ввод логина...
2026-01-14 21:37:32,226 - INFO - ✅ Логин 'rossel_66' введен
2026-01-14 21:37:32,227 - INFO - ⌨️ Ввод пароля...
2026-01-14 21:37:32,295 - INFO - ✅ Пароль введен
2026-01-14 21:37:32,295 - INFO - 🔍 Поиск кнопки входа...
2026-01-14 21:37:42,347 - INFO - 🔍 Селектор кнопки #1 'button[type="submit"]': найдено 0 элементов
2026-01-14 21:37:42,355 - INFO - 🔍 Селектор кнопки #2 'input[type="submit"]': найдено 1 элементов
2026-01-14 21:37:42,355 - INFO - ✅ Найдена кнопка входа: input[type="submit"]
2026-01-14 21:37:42,355 - INFO - 🖱️ Нажатие кнопки входа...
2026-01-14 21:37:42,386 - INFO - ✅ Кнопка входа нажата
2026-01-14 21:37:42,387 - INFO - ⏳ Ожидание результата входа...
2026-01-14 21:37:47,391 - INFO - 📍 URL после входа: https://account.zvonkodigital.com/music/releases
2026-01-14 21:37:47,394 - INFO - 📄 Заголовок страницы: Релизы – ZVONKO
2026-01-14 21:37:47,394 - INFO - 🎵 Переход на страницу релизов...
2026-01-14 21:37:47,690 - INFO - ⏳ Ожидание загрузки страницы релизов...
2026-01-14 21:37:47,978 - INFO - 📍 URL страницы релизов: https://account.zvonkodigital.com/account/oauth-login?code=xGEwInRZ3CdFm3wF6GI0qmA15dXk9G
2026-01-14 21:37:50,983 - INFO - ✅ Авторизация успешно завершена
2026-01-14 21:37:50,984 - INFO - 🔍 Начало анализа страницы релизов...
2026-01-14 21:37:50,984 - INFO - ⏳ Ожидание загрузки контента...
2026-01-14 21:37:55,988 - INFO - 📜 Прокрутка страницы для загрузки всех элементов...
2026-01-14 21:38:01,020 - INFO - 💾 Сохранение HTML страницы...
2026-01-14 21:38:01,047 - INFO - 📄 HTML страницы сохранен в zvonko_releases_page.html
2026-01-14 21:38:01,047 - INFO - 📊 Размер HTML: 289137 символов
2026-01-14 21:38:01,047 - INFO - 🔍 Поиск контейнеров с релизами...
2026-01-14 21:38:11,096 - INFO - 🔍 Селектор #1 'table tbody tr': найдено 0 элементов
2026-01-14 21:38:21,131 - INFO - 🔍 Селектор #2 'table tr': найдено 0 элементов
2026-01-14 21:38:31,181 - INFO - 🔍 Селектор #3 '.table tbody tr': найдено 0 элементов
2026-01-14 21:38:41,239 - INFO - 🔍 Селектор #4 '[class*="release"]': найдено 0 элементов
2026-01-14 21:38:51,251 - INFO - 🔍 Селектор #5 '[class*="music"]': найдено 0 элементов
2026-01-14 21:39:01,255 - INFO - 🔍 Селектор #6 '[class*="track"]': найдено 0 элементов
2026-01-14 21:39:11,318 - INFO - 🔍 Селектор #7 '.row': найдено 0 элементов
2026-01-14 21:39:11,328 - INFO - 🔍 Селектор #8 '[class*="item"]': найдено 8 элементов
2026-01-14 21:39:11,328 - INFO - ✅ Найдено 8 элементов по селектору: [class*="item"]
2026-01-14 21:39:11,328 - INFO - 📊 Всего найдено релизов: 8
2026-01-14 21:39:11,328 - INFO - 
🔍 Анализ релиза #1...
2026-01-14 21:39:11,334 - INFO - 📄 HTML релиза #1 сохранен
2026-01-14 21:39:11,334 - INFO - 🔍 Извлечение данных из релиза #1...
2026-01-14 21:39:11,341 - INFO - 📝 Текст релиза: ...
2026-01-14 21:41:54,088 - WARNING - Retrying (Retry(total=2, connect=None, read=None, redirect=None, status=None)) after connection broken by 'ConnectionResetError(54, 'Connection reset by peer')': /session/2e405467a75f7d77ef8230f0e1338ecb
2026-01-14 21:41:54,092 - WARNING - Retrying (Retry(total=1, connect=None, read=None, redirect=None, status=None)) after connection broken by 'NewConnectionError('<urllib3.connection.HTTPConnection object at 0x10a4cce10>: Failed to establish a new connection: [Errno 61] Connection refused')': /session/2e405467a75f7d77ef8230f0e1338ecb
2026-01-14 21:41:54,094 - WARNING - Retrying (Retry(total=0, connect=None, read=None, redirect=None, status=None)) after connection broken by 'NewConnectionError('<urllib3.connection.HTTPConnection object at 0x10a3bb950>: Failed to establish a new connection: [Errno 61] Connection refused')': /session/2e405467a75f7d77ef8230f0e1338ecb
2026-01-14 21:41:54,095 - INFO - 🔚 WebDriver закрыт
